====[ die test ]====
[31;1m * [die.t.sh] [0mThis is an error
[31;1m * [test] [0mThis is an error
[31;1m * [test > die] [0mthis is an error
[31;1m * [die.t.sh > die] [0mthis is an error
====[ dorun test ]====
[32m * [dorun.t.sh > softspot] [0mCommand name is softspot, FULL_COMMAND=dorun.t.sh > softspot
[32m * [dorun.t.sh > deepspot] [0mCommand name is deepspot, FULL_COMMAND=dorun.t.sh > deepspot
[32m * [dorun.t.sh > deepspot > softspot] [0mCommand name is softspot, FULL_COMMAND=dorun.t.sh > deepspot > softspot
[32m * [dorun.t.sh > deepspot] [0mCommand name is deepspot, FULL_COMMAND=dorun.t.sh > deepspot
====[ eerror test ]====
[31;1m * [info.t.sh] [0mThis is an error
[31;1m * [test] [0mThis is an error
[31;1m * [test > eerror] [0mthis is an error
[31;1m * [info.t.sh > eerror] [0mthis is an error
====[ einfo test ]====
[32m * [info.t.sh] [0mThis is info
[32m * [test] [0mThis is info
[32m * [test > einfo] [0mthis is info
[32m * [info.t.sh > einfo] [0mthis is info
====[ ewarn test ]====
[33m * [info.t.sh] [0mThis is warn
[33m * [test] [0mThis is warn
[33m * [test > ewarn] [0mthis is warn
[33m * [info.t.sh > ewarn] [0mthis is warn
====[ require_bin test ]====
lib/core-functions.sh: line 50: type: x-some-program-that-does-not-exist: not found
[31;1m * [require_bin.t.sh] [0mNo x-some-program-that-does-not-exist in path, install sys-fictious/troll-program
lib/core-functions.sh: line 50: type: x-some-program-that-does-not-exist: not found
[31;1m * [require_bin.t.sh > require_bin] [0mNo x-some-program-that-does-not-exist in path, install sys-fictious/troll-program
==== [ bin/gentoo-perl ] ====
[31;1m * [interface.t.sh] [0mNo command specified
[32m * [interface.t.sh > help] [0mCommand: help

[32m * [interface.t.sh > help] [0mPurpose:

   displays help

[32m * [interface.t.sh > help] [0mAbout:

    Invokation:
      gentoo-perl subcommand --args
      gentoo-perl help
      gentoo-perl help subcommand
   
    Useful Commands:
      gentoo-perl gen-upgrade-sets
      gentoo-perl list-commands
      gentoo-perl list-commands-desc
      gentoo-perl installed-perl-core
      gentoo-perl installed-perl-virtuals
   
    Support/Bugs:
      Please file any bugs on https://github.com/gentoo-perl/gentoo-perl-helpers
      or ask questions on freenode.org#gentoo-perl ( make sure to highlight kentnl )
==== [ bin/gentoo-perl help ] ====
[32m * [interface.t.sh > help] [0mCommand: help

[32m * [interface.t.sh > help] [0mPurpose:

   displays help

[32m * [interface.t.sh > help] [0mAbout:

    Invokation:
      gentoo-perl subcommand --args
      gentoo-perl help
      gentoo-perl help subcommand
   
    Useful Commands:
      gentoo-perl gen-upgrade-sets
      gentoo-perl list-commands
      gentoo-perl list-commands-desc
      gentoo-perl installed-perl-core
      gentoo-perl installed-perl-virtuals
   
    Support/Bugs:
      Please file any bugs on https://github.com/gentoo-perl/gentoo-perl-helpers
      or ask questions on freenode.org#gentoo-perl ( make sure to highlight kentnl )
==== [ bin/gentoo-perl help help ] ====
[32m * [interface.t.sh > help] [0mCommand: help

[32m * [interface.t.sh > help] [0mPurpose:

   displays help

[32m * [interface.t.sh > help] [0mAbout:

    Invokation:
      gentoo-perl subcommand --args
      gentoo-perl help
      gentoo-perl help subcommand
   
    Useful Commands:
      gentoo-perl gen-upgrade-sets
      gentoo-perl list-commands
      gentoo-perl list-commands-desc
      gentoo-perl installed-perl-core
      gentoo-perl installed-perl-virtuals
   
    Support/Bugs:
      Please file any bugs on https://github.com/gentoo-perl/gentoo-perl-helpers
      or ask questions on freenode.org#gentoo-perl ( make sure to highlight kentnl )
==== [ bin/gentoo-perl help x-does-not-exist ] ====
[31;1m * [interface.t.sh > help] [0mNo such command x-does-not-exist
==== [ bin/gentoo-perl x-does-not-exist ] ====
/home/kent/gentoo/gentoo-perl-helpers/lib/core-functions.sh: line 61: type: x-does-not-exist: not found
[31;1m * [interface.t.sh] [0mNo such command x-does-not-exist, /home/kent/gentoo/gentoo-perl-helpers/libexec/x-does-not-exist does not exist
==== [ bin/gentoo-perl version ] ====
0.2.2
==== [ bin/gentoo-perl list-commands ] ====
gen-upgrade-sets
help
installed-deps-atom
installed-deps-perl-subslot-rebuild
installed-match-atom
installed-match-atom-blacklisted
installed-perl-core
installed-perl-virtuals
list-blacklisted-for
list-commands
list-commands-desc
list-excluded-abis
print-matching-abi
vdb-report-snapshot
version
==== [ bin/gentoo-perl list-commands-desc ] ====
 gen-upgrade-sets               : generates/updates sets in /etc/portage/sets for helping dev-lang/perl upgrades
 help                           : displays help
 installed-deps-atom            : Shows all packages depending on a specific atom
 installed-deps-perl-subslot-rebuild : Shows all packages would need to be rebuilt to match a target subslot
 installed-match-atom           : Lists all packages installed matching a specification
 installed-match-atom-blacklisted : Lists all installed packages that should be removed for a given target
 installed-perl-core            : Lists all packages installed in perl-core
 installed-perl-virtuals        : Lists all installed virtuals
 list-blacklisted-for           : Lists blacklisted atoms for installing targets
 list-commands                  : Lists all commands in a format suitable for machine reading
 list-commands-desc             : Lists all commands with descriptions extracted from "ABSTRACT" headings
 list-excluded-abis             : Lists all known ABI's except the one specified
 print-matching-abi             : Validate and expand an ABI version
 vdb-report-snapshot            : Takes a snapshot of your portage package state for debugging
 version                        : Print the version of gentoo-perl helpers
==== [ bin/gentoo-perl print-matching-abi 5.24 ] ====
dev-lang/perl:0/5.24
==== [ bin/gentoo-perl print-matching-abi 5.22 ] ====
dev-lang/perl:0/5.22
==== [ bin/gentoo-perl print-matching-abi 5.20 ] ====
dev-lang/perl:0/5.20
==== [ bin/gentoo-perl print-matching-abi 5.21 ] ====
[31;1m * [print-matching-abi.t.sh > print-matching-abi] [0mNo ABI matched "5.21".

==== [ bin/gentoo-perl list-excluded-abis 5.24 ] ====
dev-lang/perl:0/5.26
dev-lang/perl:0/5.22
dev-lang/perl:0/5.20
dev-lang/perl:0/5.18
dev-lang/perl:0/5.16

==== [ bin/gentoo-perl list-excluded-abis 5.22 ] ====
dev-lang/perl:0/5.26
dev-lang/perl:0/5.24
dev-lang/perl:0/5.20
dev-lang/perl:0/5.18
dev-lang/perl:0/5.16

==== [ bin/gentoo-perl list-excluded-abis 5.20 ] ====
dev-lang/perl:0/5.26
dev-lang/perl:0/5.24
dev-lang/perl:0/5.22
dev-lang/perl:0/5.18
dev-lang/perl:0/5.16

==== [ bin/gentoo-perl list-excluded-abis 5.21 ] ====
[31;1m * [list-excluded-abis.t.sh > list-excluded-abis] [0mAll known ABIs excluded, does "5.21" match a known Perl ABI-version?

==== [ bin/gentoo-perl list-blacklisted-for dev-lang/perl:0/5.24= ] ====
virtual/perl-CGI
virtual/perl-Module-Build
virtual/perl-Module-Pluggable
virtual/perl-Version-Requirements
virtual/perl-Class-ISA
virtual/perl-Filter
virtual/perl-Switch
virtual/perl-net-ping
virtual/perl-locale-maketext
virtual/perl-i18n-langtags
virtual/perl-digest-base
virtual/perl-PodParser

